// Jest Snapshot v1, https://goo.gl/fbAQLP

exports[`components/MDA/Lite/Reports/JurisdictionReport renders correctly 1`] = `"{\\"history\\":{\\"length\\":1,\\"action\\":\\"POP\\",\\"location\\":{\\"pathname\\":\\"/\\",\\"search\\":\\"\\",\\"hash\\":\\"\\"}},\\"match\\":{\\"isExact\\":true,\\"params\\":{\\"planId\\":\\"5e396185-6094-4817-9dd4-24bcbbc698b0\\"},\\"path\\":\\"/intervention/mda-lite/report/:planId\\",\\"url\\":\\"/intervention/mda-lite/report/5e396185-6094-4817-9dd4-24bcbbc698b0\\"},\\"jurisdictions\\":[{\\"id\\":\\"165b0ae7-92fa-5b70-a7bb-283797f565c2\\",\\"plan_id\\":\\"5e396185-6094-4817-9dd4-24bcbbc698b0\\",\\"jurisdiction_id\\":\\"25e8a10b-737c-44e7-bfff-3b6344b1126f\\",\\"jurisdiction_parent_id\\":\\"\\",\\"jurisdiction_name\\":\\"Kenya\\",\\"jurisdiction_depth\\":0,\\"jurisdiction_path\\":[],\\"jurisdiction_name_path\\":[],\\"treated_male_1_4\\":\\"200\\",\\"treated_male_5_14\\":0,\\"treated_male_above_15\\":0,\\"treated_female_1_4\\":0,\\"treated_female_5_14\\":0,\\"treated_female_above_15\\":0,\\"total_males\\":20,\\"total_females\\":3,\\"total_all_genders\\":20,\\"supervisor_distributed\\":0,\\"received_number\\":0,\\"adminstered\\":0,\\"damaged\\":0,\\"adverse\\":0,\\"remaining_with_cdd\\":10,\\"returned_to_supervisor\\":3,\\"census_pop_target\\":200,\\"treatment_coverage\\":0.8,\\"other_pop_target\\":500,\\"other_pop_coverage\\":0.65},{\\"id\\":\\"89bb4010-38ee-5eac-b92a-4deafa62765a\\",\\"plan_id\\":\\"5e396185-6094-4817-9dd4-24bcbbc698b0\\",\\"jurisdiction_id\\":\\"38482d8c-e6ed-433b-860f-96c9cd09b4a3\\",\\"jurisdiction_parent_id\\":\\"3c63f48e-bb86-42e5-b3ff-bc539fbf5295\\",\\"jurisdiction_name\\":\\"emuhaya\\",\\"jurisdiction_depth\\":2,\\"jurisdiction_path\\":[\\"25e8a10b-737c-44e7-bfff-3b6344b1126f\\",\\"3c63f48e-bb86-42e5-b3ff-bc539fbf5295\\"],\\"jurisdiction_name_path\\":[\\"Kenya\\",\\"Vihiga\\"],\\"treated_male_1_4\\":0,\\"treated_male_5_14\\":0,\\"treated_male_above_15\\":0,\\"treated_female_1_4\\":0,\\"treated_female_5_14\\":0,\\"treated_female_above_15\\":0,\\"total_males\\":19,\\"total_females\\":100,\\"total_all_genders\\":0,\\"supervisor_distributed\\":0,\\"received_number\\":0,\\"adminstered\\":0,\\"damaged\\":0,\\"adverse\\":0,\\"remaining_with_cdd\\":0,\\"returned_to_supervisor\\":0,\\"census_pop_target\\":300,\\"treatment_coverage\\":0.9,\\"other_pop_target\\":400,\\"other_pop_coverage\\":0.6},{\\"id\\":\\"541e7ed0-2dc6-586e-b563-4c988c5ac585\\",\\"plan_id\\":\\"5e396185-6094-4817-9dd4-24bcbbc698b0\\",\\"jurisdiction_id\\":\\"3c63f48e-bb86-42e5-b3ff-bc539fbf5295\\",\\"jurisdiction_parent_id\\":\\"25e8a10b-737c-44e7-bfff-3b6344b1126f\\",\\"jurisdiction_name\\":\\"vihiga\\",\\"jurisdiction_depth\\":1,\\"jurisdiction_path\\":[\\"25e8a10b-737c-44e7-bfff-3b6344b1126f\\"],\\"jurisdiction_name_path\\":[\\"Kenya\\"],\\"treated_male_1_4\\":0,\\"treated_male_5_14\\":0,\\"treated_male_above_15\\":0,\\"treated_female_1_4\\":0,\\"treated_female_5_14\\":0,\\"treated_female_above_15\\":0,\\"total_males\\":0,\\"total_females\\":0,\\"total_all_genders\\":0,\\"supervisor_distributed\\":0,\\"received_number\\":0,\\"adminstered\\":0,\\"damaged\\":0,\\"adverse\\":0,\\"remaining_with_cdd\\":0,\\"returned_to_supervisor\\":0},{\\"id\\":\\"c477af78-93ce-51f8-bf1e-0bae3a80fcae\\",\\"plan_id\\":\\"5e396185-6094-4817-9dd4-24bcbbc698b0\\",\\"jurisdiction_id\\":\\"f2482d8c-e6ed-433b-860f-96c9cd09b4a3\\",\\"jurisdiction_parent_id\\":\\"3c63f48e-bb86-42e5-b3ff-bc539fbf5295\\",\\"jurisdiction_name\\":\\"hamisi\\",\\"jurisdiction_depth\\":2,\\"jurisdiction_path\\":[\\"25e8a10b-737c-44e7-bfff-3b6344b1126f\\",\\"3c63f48e-bb86-42e5-b3ff-bc539fbf5295\\"],\\"jurisdiction_name_path\\":[\\"Kenya\\",\\"Vihiga\\"],\\"treated_male_1_4\\":0,\\"treated_male_5_14\\":0,\\"treated_male_above_15\\":0,\\"treated_female_1_4\\":0,\\"treated_female_5_14\\":0,\\"treated_female_above_15\\":0,\\"total_males\\":0,\\"total_females\\":0,\\"total_all_genders\\":0,\\"supervisor_distributed\\":0,\\"received_number\\":0,\\"adminstered\\":0,\\"damaged\\":0,\\"adverse\\":0,\\"remaining_with_cdd\\":0,\\"returned_to_supervisor\\":0}],\\"plan\\":{\\"plan_id\\":\\"5e396185-6094-4817-9dd4-24bcbbc698b0\\",\\"jurisdiction_root_parent_ids\\":\\"[\\\\\\"bac41d87-b09d-4e76-be3b-3b6d07399891\\\\\\"]\\",\\"plan_title\\":\\"MDA-Lite 2021-03-02\\",\\"plan_name\\":\\"MDA-Lite-2021-03-02\\",\\"plan_status\\":\\"active\\",\\"plan_date\\":1614643200000,\\"plan_effective_period_start\\":1614643200000,\\"plan_effective_period_end\\":1616371200000,\\"plan_intervention_type\\":\\"MDA-Lite\\"},\\"baseURL\\":\\"/intervention/mda-lite/report\\",\\"focusAreaColumn\\":\\"mdaLitewardColumns\\",\\"jurisdictionColumn\\":\\"mdaLiteJurisdictionsColumns\\",\\"pageTitle\\":\\"MDA Lite Reporting\\",\\"reportingPlanSlice\\":\\"1\\",\\"slices\\":[\\"1\\",\\"2\\"]}"`;

exports[`components/MDA/Lite/Reports/JurisdictionReport renders correctly: breadcrumb item-1 1`] = `"Home"`;

exports[`components/MDA/Lite/Reports/JurisdictionReport renders correctly: breadcrumb item-2 1`] = `"MDA Lite Reporting"`;

exports[`components/MDA/Lite/Reports/JurisdictionReport renders correctly: breadcrumb item-3 1`] = `"MDA-Lite 2021-03-02"`;
