// Jest Snapshot v1, https://goo.gl/fbAQLP

exports[`components/MDALiteReports/MDALitePlansList handles search correctly: search results props 1`] = `
Array [
  Object {
    "jurisdiction_root_parent_ids": "[\\"bac41d87-b09d-4e76-be3b-3b6d07399891\\"]",
    "plan_date": 1610064000000,
    "plan_effective_period_end": 1640822400000,
    "plan_effective_period_start": 1610064000000,
    "plan_id": "6b485d4b-1043-40ed-ab8a-c64d24045ada",
    "plan_intervention_type": "MDA-Lite",
    "plan_name": "MDA-Lite-2021-01-08",
    "plan_status": "active",
    "plan_title": "MDA-Lite kenya 2021-01-08",
  },
]
`;

exports[`components/MDALiteReports/MDALitePlansList renders plan definition list correctly: GenericPlansList props 1`] = `
Object {
  "fetchPlans": [Function],
  "history": Object {
    "action": "POP",
    "block": [Function],
    "createHref": [Function],
    "go": [Function],
    "goBack": [Function],
    "goForward": [Function],
    "length": 1,
    "listen": [Function],
    "location": Object {
      "hash": "",
      "pathname": "/",
      "search": "",
      "state": undefined,
    },
    "push": [Function],
    "replace": [Function],
  },
  "location": Object {
    "hash": "",
    "pathname": "/intervention/mda-lite/report",
    "search": "",
    "state": undefined,
  },
  "match": Object {
    "isExact": true,
    "params": Object {},
    "path": "/intervention/mda-lite/report/",
    "url": "/intervention/mda-lite/report/",
  },
  "pageTitle": "MDA Lite Plans",
  "pageUrl": "/intervention/mda-lite/report",
  "plans": Array [
    Object {
      "jurisdiction_root_parent_ids": "[\\"bac41d87-b09d-4e76-be3b-3b6d07399891\\"]",
      "plan_date": 1614643200000,
      "plan_effective_period_end": 1616371200000,
      "plan_effective_period_start": 1614643200000,
      "plan_id": "5e396185-6094-4817-9dd4-24bcbbc698b0",
      "plan_intervention_type": "MDA-Lite",
      "plan_name": "MDA-Lite-2021-03-02",
      "plan_status": "active",
      "plan_title": "MDA-Lite 2021-03-02",
    },
    Object {
      "jurisdiction_root_parent_ids": "[\\"bac41d87-b09d-4e76-be3b-3b6d07399891\\"]",
      "plan_date": 1610064000000,
      "plan_effective_period_end": 1640822400000,
      "plan_effective_period_start": 1610064000000,
      "plan_id": "6b485d4b-1043-40ed-ab8a-c64d24045ada",
      "plan_intervention_type": "MDA-Lite",
      "plan_name": "MDA-Lite-2021-01-08",
      "plan_status": "active",
      "plan_title": "MDA-Lite kenya 2021-01-08",
    },
    Object {
      "jurisdiction_root_parent_ids": "[\\"bac41d87-b09d-4e76-be3b-3b6d07399891\\"]",
      "plan_date": 1613520000000,
      "plan_effective_period_end": 1615248000000,
      "plan_effective_period_start": 1613520000000,
      "plan_id": "bbaf9674-e381-45f1-94d1-23bd373bc88e",
      "plan_intervention_type": "MDA-Lite",
      "plan_name": "MDA-Lite-2021-02-17",
      "plan_status": "active",
      "plan_title": "MDA-Lite Em test3 2021-02-17",
    },
  ],
  "service": [MockFunction] {
    "calls": Array [
      Array [
        "1",
      ],
    ],
    "results": Array [
      Object {
        "type": "return",
        "value": Promise {},
      },
    ],
  },
  "supersetReportingSlice": "1",
}
`;

exports[`components/MDALiteReports/MDALitePlansList renders plan definition list correctly: breadcrumb item-1 1`] = `"Home"`;

exports[`components/MDALiteReports/MDALitePlansList renders plan definition list correctly: breadcrumb item-2 1`] = `"MDA Lite Plans"`;

exports[`components/MDALiteReports/MDALitePlansList renders plan definition list correctly: table header-1 1`] = `"Title"`;

exports[`components/MDALiteReports/MDALitePlansList renders plan definition list correctly: table header-2 1`] = `"Date Created"`;

exports[`components/MDALiteReports/MDALitePlansList renders plan definition list correctly: table header-3 1`] = `"Start Date"`;

exports[`components/MDALiteReports/MDALitePlansList renders plan definition list correctly: table header-4 1`] = `"End Date"`;

exports[`components/MDALiteReports/MDALitePlansList renders plan definition list correctly: table header-5 1`] = `"Status"`;
