// Jest Snapshot v1, https://goo.gl/fbAQLP

exports[`containers/FocusInvestigation/Jurisdiction renders correctly 1`] = `
Object {
  "CellComponent": [Function],
  "columns": Array [
    Object {
      "Cell": [Function],
      "Header": "Name",
      "accessor": "plan_title",
      "minWidth": 160,
    },
    Object {
      "Header": "FI Status",
      "accessor": "plan_status",
      "id": "FI Status",
      "minWidth": 80,
    },
    Object {
      "Header": "Case Notif. Date",
      "accessor": "caseNotificationDate",
      "minWidth": 90,
    },
    Object {
      "Header": "Case Class.",
      "accessor": "caseClassification",
    },
  ],
  "data": Any<Array>,
  "hasChildren": [Function],
  "identifierField": "id",
  "linkerField": "id",
  "loading": false,
  "loadingComponent": [Function],
  "paginate": false,
  "parentIdentifierField": "parent",
  "renderNullDataComponent": [Function],
  "resize": true,
  "rootParentId": null,
  "useDrillDown": false,
}
`;

exports[`containers/FocusInvestigation/Jurisdiction renders correctly 2`] = `
Object {
  "CellComponent": [Function],
  "columns": Array [
    Object {
      "Cell": [Function],
      "Header": "Name",
      "accessor": "plan_title",
      "minWidth": 160,
    },
    Object {
      "Header": "FI Status",
      "accessor": "plan_status",
      "id": "FI Status",
      "minWidth": 80,
    },
    Object {
      "Header": "Province",
      "accessor": "province",
    },
    Object {
      "Header": "District",
      "accessor": "district",
    },
    Object {
      "Header": "Canton",
      "accessor": "canton",
    },
    Object {
      "Header": "Village",
      "accessor": "village",
    },
    Object {
      "Cell": [Function],
      "Header": "Focus Area",
      "accessor": "focusArea",
      "minWidth": 150,
    },
    Object {
      "Header": "Status",
      "accessor": "status",
      "maxWidth": 60,
    },
    Object {
      "Header": "Start Date",
      "accessor": "plan_effective_period_start",
      "minWidth": 80,
    },
    Object {
      "Header": "End Date",
      "accessor": "plan_effective_period_end",
    },
    Object {
      "Cell": [Function],
      "Header": "Action",
      "accessor": "plan_status",
      "minWidth": 70,
    },
  ],
  "data": Any<Array>,
  "hasChildren": [Function],
  "identifierField": "id",
  "linkerField": "id",
  "loading": false,
  "loadingComponent": [Function],
  "paginate": false,
  "parentIdentifierField": "parent",
  "renderNullDataComponent": [Function],
  "resize": true,
  "rootParentId": null,
  "useDrillDown": false,
}
`;

exports[`containers/FocusInvestigation/Jurisdiction renders correctly 3`] = `
Object {
  "CellComponent": [Function],
  "columns": Array [
    Object {
      "Cell": [Function],
      "Header": "Name",
      "accessor": "plan_title",
      "minWidth": 160,
    },
    Object {
      "Header": "Date Completed",
      "accessor": "date_completed",
      "minWidth": 80,
    },
    Object {
      "Header": "End Date",
      "accessor": "plan_effective_period_end",
    },
    Object {
      "Header": "Case Notif. Date",
      "accessor": "caseNotificationDate",
      "minWidth": 90,
    },
    Object {
      "Header": "Case Class.",
      "accessor": "caseClassification",
    },
  ],
  "data": Any<Array>,
  "hasChildren": [Function],
  "identifierField": "id",
  "linkerField": "id",
  "loading": false,
  "loadingComponent": [Function],
  "paginate": false,
  "parentIdentifierField": "parent",
  "renderNullDataComponent": [Function],
  "resize": true,
  "rootParentId": null,
  "useDrillDown": false,
}
`;

exports[`containers/FocusInvestigation/Jurisdiction renders correctly 4`] = `
Object {
  "CellComponent": [Function],
  "columns": Array [
    Object {
      "Cell": [Function],
      "Header": "Name",
      "accessor": "plan_title",
      "minWidth": 160,
    },
    Object {
      "Header": "Date Completed",
      "accessor": "date_completed",
      "minWidth": 80,
    },
    Object {
      "Header": "Start Date",
      "accessor": "plan_effective_period_start",
      "minWidth": 80,
    },
    Object {
      "Header": "End Date",
      "accessor": "plan_effective_period_end",
      "id": "End Date",
    },
    Object {
      "Header": "Date Completed",
      "accessor": "plan_effective_period_end",
      "id": "Date Completed",
    },
  ],
  "data": Any<Array>,
  "hasChildren": [Function],
  "identifierField": "id",
  "linkerField": "id",
  "loading": false,
  "loadingComponent": [Function],
  "paginate": false,
  "parentIdentifierField": "parent",
  "renderNullDataComponent": [Function],
  "resize": true,
  "rootParentId": null,
  "useDrillDown": false,
}
`;

exports[`containers/FocusInvestigation/Jurisdiction renders correctly: HeaderBreadcrumb li a 1`] = `
Array [
  <a
    href="/"
    onClick={[Function]}
  >
    Home
  </a>,
  <a
    href="/focus-investigation"
    onClick={[Function]}
  >
    Focus Investigations
  </a>,
  <a
    href="/focus-investigation/filter/61707fc2-c6ac-4112-a8d6-2a4861958396/236ca3fb-1b74-5028-a0c8-ab954bb28055"
    onClick={[Function]}
  >
    Trat 2
  </a>,
  <a
    href="/focus-investigation/filter/8a8e4987-95a9-4b2e-b746-3c9c3eec15c5/236ca3fb-1b74-5028-a0c8-ab954bb28055"
    onClick={[Function]}
  >
    Mueng Trat District 2
  </a>,
  <a
    href="/focus-investigation/filter/735a94f9-6ed2-4bcd-b242-8c2b5f714bee/236ca3fb-1b74-5028-a0c8-ab954bb28055"
    onClick={[Function]}
  >
    Laem Klat Canton 2
  </a>,
  <a
    href="/focus-investigation/filter/a14c6253-2d3d-4bcc-8c49-35f9e44c66e1/236ca3fb-1b74-5028-a0c8-ab954bb28055"
    onClick={[Function]}
  >
    Laem Klat Moo 8
  </a>,
]
`;

exports[`containers/FocusInvestigation/Jurisdiction renders correctly: JurisdictionMap 1`] = `
<JurisdictionMap
  callback={[Function]}
  jurisdictionId="450fc15b-5bd2-468a-927a-49cb10d3bcac"
>
  <div>
    I love oov
  </div>
</JurisdictionMap>
`;

exports[`containers/FocusInvestigation/Jurisdiction renders correctly: Link to create new plans 1`] = `
<a
  className="focus-investigation btn btn-primary float-right mt-5"
  href="/plans/new"
  onClick={[Function]}
>
  Add Focus Investigation
</a>
`;

exports[`containers/FocusInvestigation/Jurisdiction renders correctly: Link to create new plans 2`] = `
<a
  className="focus-investigation btn btn-primary float-right mt-5"
  href="/plans/new"
  onClick={[Function]}
>
  Add Focus Investigation
</a>
`;

exports[`containers/FocusInvestigation/Jurisdiction renders correctly: focus-area-info-section 1`] = `
<dl
  className="row mt-3"
>
  <dt
    className="col-4"
  >
    Province
  </dt>
  <dd
    className="col-8"
  >
    Trat 2
  </dd>
  <dt
    className="col-4"
  >
    District
  </dt>
  <dd
    className="col-8"
  >
    Mueng Trat District 2
  </dd>
  <dt
    className="col-4"
  >
    Canton
  </dt>
  <dd
    className="col-8"
  >
    Laem Klat Canton 2
  </dd>
  <dt
    className="col-4"
  >
    FI Status
  </dt>
  <dd
    className="col-8"
  >
    A1
  </dd>
  <dt
    className="col-4"
  >
    FI Reason
  </dt>
  <dd
    className="col-8"
  >
    Case Triggered
  </dd>
</dl>
`;

exports[`containers/FocusInvestigation/Jurisdiction renders fetch error correctly: jurisdiction error 1`] = `
<div>
  An error prevented this jurisdiction from loading.
</div>
`;

exports[`containers/FocusInvestigation/Jurisdiction renders supersetService error correctly: supersetService error 1`] = `
<div>
  An error prevented this jurisdiction from loading.
</div>
`;
