// Jest Snapshot v1, https://goo.gl/fbAQLP

exports[`IRS performance report renders plan list view correctly: table header-1 1`] = `"Title"`;

exports[`IRS performance report renders plan list view correctly: table header-2 1`] = `"Date Created"`;

exports[`IRS performance report renders plan list view correctly: table header-3 1`] = `"Start Date"`;

exports[`IRS performance report renders plan list view correctly: table header-4 1`] = `"End Date"`;

exports[`IRS performance report renders plan list view correctly: table header-5 1`] = `"Status"`;

exports[`IRS performance report renders plan list view correctly: the full rendered rows tr index 0 1`] = `"TitleDate CreatedStart DateEnd DateStatus"`;

exports[`IRS performance report renders plans correctly when connected to store: GenericPlansList props: connected to store 1`] = `
Object {
  "fetchPlans": [Function],
  "history": Object {
    "action": "POP",
    "block": [Function],
    "createHref": [Function],
    "go": [Function],
    "goBack": [Function],
    "goForward": [Function],
    "length": 1,
    "listen": [Function],
    "location": Object {
      "hash": "",
      "pathname": "/",
      "search": "",
      "state": undefined,
    },
    "push": [Function],
    "replace": [Function],
  },
  "location": Object {
    "hash": "",
    "pathname": "/intervention/irs/performance/report",
    "search": "",
    "state": undefined,
  },
  "match": Object {
    "isExact": true,
    "params": Object {},
    "path": "/intervention/irs/performance/report",
    "url": "/intervention/irs/performance/report",
  },
  "pageTitle": "IRS Performance Reporting",
  "pageUrl": "/intervention/irs/performance/report",
  "plans": Array [
    Object {
      "jurisdiction_root_parent_ids": Array [
        "f45b9380-c970-4dd1-8533-9e95ab12f128",
      ],
      "plan_date": "2019-08-30",
      "plan_effective_period_end": "2019-09-14",
      "plan_effective_period_start": "2019-08-30",
      "plan_id": "02e358ed-87fe-5720-8782-0afe28cb7e8c",
      "plan_intervention_type": "IRS",
      "plan_name": "IRS-2019-08-30m",
      "plan_status": "active",
      "plan_title": "IRS 2019-08-30m",
      "plan_version": "2",
    },
    Object {
      "jurisdiction_root_parent_ids": Array [
        "f45b9380-c970-4dd1-8533-9e95ab12f128",
      ],
      "plan_date": "2019-08-29",
      "plan_effective_period_end": "2019-09-18",
      "plan_effective_period_start": "2019-08-29",
      "plan_id": "c6e59ec1-8c54-5fdf-acf3-ee3692983f38",
      "plan_intervention_type": "IRS",
      "plan_name": "Berg-Namibia-2019",
      "plan_status": "active",
      "plan_title": "Berg Namibia 2019",
      "plan_version": "2",
    },
    Object {
      "jurisdiction_root_parent_ids": Array [
        "Metrociti",
      ],
      "plan_date": "2019-08-29",
      "plan_effective_period_end": "2019-09-18",
      "plan_effective_period_start": "2019-08-29",
      "plan_id": "UUID-1-test",
      "plan_intervention_type": "Dynamic-IRS",
      "plan_name": "forget me stick",
      "plan_status": "active",
      "plan_title": "MegaMind",
      "plan_version": "2",
    },
  ],
  "service": [MockFunction] {
    "calls": Array [
      Array [
        "13",
      ],
    ],
    "results": Array [
      Object {
        "type": "return",
        "value": Promise {},
      },
    ],
  },
  "supersetReportingSlice": "13",
}
`;
