// Jest Snapshot v1, https://goo.gl/fbAQLP

exports[`components/LinkToNewPlans Matches snapshot 1`] = `
<LinkAsButton
  classNameProp="focus-investigation btn btn-primary float-right mt-5"
  text="Add Focus Investigation"
  to="/plans/new"
>
  <Link
    className="focus-investigation btn btn-primary float-right mt-5"
    replace={false}
    to="/plans/new"
  >
    <a
      className="focus-investigation btn btn-primary float-right mt-5"
      href="/plans/new"
      onClick={[Function]}
    >
      Add Focus Investigation
    </a>
  </Link>
</LinkAsButton>
`;
