// Jest Snapshot v1, https://goo.gl/fbAQLP

exports[`src/containers/pages/jurisdictionView/jurisdictionTable selects and deselect nodes: should be now checked 1`] = `
<input
  checked={true}
  key="3951-check-jurisdiction"
  onChange={[Function]}
  type="checkbox"
/>
`;

exports[`src/containers/pages/jurisdictionView/jurisdictionTable selects and deselect nodes: should be now deselected 1`] = `
<input
  checked={false}
  key="3951-check-jurisdiction"
  onChange={[Function]}
  type="checkbox"
/>
`;

exports[`src/containers/pages/jurisdictionView/jurisdictionTable selects and deselect nodes: should be unchecked 1`] = `
<input
  checked={false}
  key="3951-check-jurisdiction"
  onChange={[Function]}
  type="checkbox"
/>
`;

exports[`src/containers/pages/jurisdictionView/jurisdictionTable shows errorMessage: should have jurisdiction hierarchy error message 1`] = `"An error ocurred. Please try and refresh the page.The specific error is: Failed to load Jurisdiction hierarchy"`;

exports[`src/containers/pages/jurisdictionView/jurisdictionTable works correctly through a full render cycle: after first click 1`] = `"NameStructures Count"`;

exports[`src/containers/pages/jurisdictionView/jurisdictionTable works correctly through a full render cycle: after first click 2`] = `"Mtendere1"`;

exports[`src/containers/pages/jurisdictionView/jurisdictionTable works correctly through a full render cycle: after second click 1`] = `"NameStructures Count"`;

exports[`src/containers/pages/jurisdictionView/jurisdictionTable works correctly through a full render cycle: after second click 2`] = `"Akros_1159"`;

exports[`src/containers/pages/jurisdictionView/jurisdictionTable works correctly through a full render cycle: should have single node(parent node) 1`] = `"NameStructures Count"`;

exports[`src/containers/pages/jurisdictionView/jurisdictionTable works correctly through a full render cycle: should have single node(parent node) 2`] = `"Lusaka"`;

exports[`src/containers/pages/jurisdictionView/jurisdictionTable works correctly through a full render cycle: should not have btn-link or onClick handler 1`] = `
<span
  key="3951-span"
>
  Akros_1
</span>
`;
