// Jest Snapshot v1, https://goo.gl/fbAQLP

exports[`src/containers/TeamAssignment/PractitionersListView/ renders a dumb TeamListView correctly: Breadcrumb 1`] = `
<Breadcrumb
  aria-label="breadcrumb"
  className="reveal-breadcrumb"
  listTag="ol"
  tag="nav"
>
  <nav
    aria-label="breadcrumb"
    className="reveal-breadcrumb"
  >
    <ol
      className="breadcrumb"
    >
      <BreadcrumbItem
        key="0"
        tag="li"
      >
        <li
          className="breadcrumb-item"
        >
          <Link
            key="0"
            to="/"
          >
            <LinkAnchor
              href="/"
              navigate={[Function]}
            >
              <a
                href="/"
                onClick={[Function]}
              >
                Home
              </a>
            </LinkAnchor>
          </Link>
        </li>
      </BreadcrumbItem>
      <BreadcrumbItem
        active={true}
        tag="li"
      >
        <li
          aria-current="page"
          className="active breadcrumb-item"
        >
          Practitioners
        </li>
      </BreadcrumbItem>
    </ol>
  </nav>
</Breadcrumb>
`;

exports[`src/containers/TeamAssignment/PractitionersListView/ renders a dumb TeamListView correctly: First table record in listview 1`] = `
<tr
  className="listview-tr"
  key="0"
>
  <ElementMap
    HTMLTag="td"
    className="listview-th"
    items={
      Array [
        "tlv2_name",
        "tlv2",
        "p5id",
        <Link
          to="/practitioners/edit/p5id"
        >
          Edit
        </Link>,
      ]
    }
  >
    <td
      className="listview-th"
      key="0"
    >
      tlv2_name
    </td>
    <td
      className="listview-th"
      key="1"
    >
      tlv2
    </td>
    <td
      className="listview-th"
      key="2"
    >
      p5id
    </td>
    <td
      className="listview-th"
      key="3"
    >
      <Link
        key="action-p5id"
        to="/practitioners/edit/p5id"
      >
        <LinkAnchor
          href="/practitioners/edit/p5id"
          navigate={[Function]}
        >
          <a
            href="/practitioners/edit/p5id"
            onClick={[Function]}
          >
            Edit
          </a>
        </LinkAnchor>
      </Link>
    </td>
  </ElementMap>
</tr>
`;
