// Jest Snapshot v1, https://goo.gl/fbAQLP

exports[`containers/pages/FocusInvestigation/active/map/helpers/MarkCompleteLink renders a mark complete link if plan is active 1`] = `
<Router
  history={
    Object {
      "action": "POP",
      "block": [Function],
      "createHref": [Function],
      "go": [Function],
      "goBack": [Function],
      "goForward": [Function],
      "length": 1,
      "listen": [Function],
      "location": Object {
        "hash": "",
        "pathname": "/",
        "search": "",
        "state": undefined,
      },
      "push": [Function],
      "replace": [Function],
    }
  }
>
  <MarkCompleteLink
    plan={
      Object {
        "id": "ed2b4b7c-3388-53d9-b9f6-6a19d1ffde1f",
        "jurisdiction_depth": 2,
        "jurisdiction_id": "450fc15b-5bd2-468a-927a-49cb10d3bcac",
        "jurisdiction_name": "NVI_439",
        "jurisdiction_name_path": Array [
          "Chadiza",
          "Naviluli",
        ],
        "jurisdiction_parent_id": "2944",
        "jurisdiction_path": Array [
          "2939",
          "2944",
        ],
        "plan_date": "2019-06-18",
        "plan_effective_period_end": "2019-06-18",
        "plan_effective_period_start": "2019-07-31",
        "plan_fi_reason": "Routine",
        "plan_fi_status": "A1",
        "plan_id": "10f9e9fa-ce34-4b27-a961-72fab5206ab6",
        "plan_intervention_type": "FI",
        "plan_status": "active",
        "plan_title": "A1-Tha Luang Village 1 Focus 01",
        "plan_version": "1",
      }
    }
  >
    <Link
      className="btn btn-primary"
      color="primary"
      to="/focus-investigation/view/complete/ed2b4b7c-3388-53d9-b9f6-6a19d1ffde1f"
    >
      <LinkAnchor
        className="btn btn-primary"
        color="primary"
        href="/focus-investigation/view/complete/ed2b4b7c-3388-53d9-b9f6-6a19d1ffde1f"
        navigate={[Function]}
      >
        <a
          className="btn btn-primary"
          color="primary"
          href="/focus-investigation/view/complete/ed2b4b7c-3388-53d9-b9f6-6a19d1ffde1f"
          onClick={[Function]}
        >
          Mark as complete
        </a>
      </LinkAnchor>
    </Link>
  </MarkCompleteLink>
</Router>
`;
