// Jest Snapshot v1, https://goo.gl/fbAQLP

exports[`containers/pages/IRS/plan renders IRS Plan page correctly 1`] = `
<Provider
  store={
    Object {
      "dispatch": [Function],
      "getState": [Function],
      "replaceReducer": [Function],
      "subscribe": [Function],
      Symbol(observable): [Function],
    }
  }
>
  <Router
    history={
      Object {
        "action": "POP",
        "block": [Function],
        "createHref": [Function],
        "go": [Function],
        "goBack": [Function],
        "goForward": [Function],
        "length": 1,
        "listen": [Function],
        "location": Object {
          "hash": "",
          "pathname": "/",
          "search": "",
          "state": undefined,
        },
        "push": [Function],
        "replace": [Function],
      }
    }
  >
    <Connect(IrsPlan)
      history={
        Object {
          "action": "POP",
          "block": [Function],
          "createHref": [Function],
          "go": [Function],
          "goBack": [Function],
          "goForward": [Function],
          "length": 1,
          "listen": [Function],
          "location": Object {
            "hash": "",
            "pathname": "/",
            "search": "",
            "state": undefined,
          },
          "push": [Function],
          "replace": [Function],
        }
      }
      location={[MockFunction]}
      match={
        Object {
          "isExact": true,
          "params": Object {
            "id": "ed2b4b7c-3388-53d9-b9f6-6a19d1ffde1f",
          },
          "path": "/focus-investigation/view/plan/:id",
          "url": "/focus-investigation/view/plan/ed2b4b7c-3388-53d9-b9f6-6a19d1ffde1f",
        }
      }
    >
      <IrsPlan
        fetchPlansActionCreator={[Function]}
        history={
          Object {
            "action": "POP",
            "block": [Function],
            "createHref": [Function],
            "go": [Function],
            "goBack": [Function],
            "goForward": [Function],
            "length": 1,
            "listen": [Function],
            "location": Object {
              "hash": "",
              "pathname": "/",
              "search": "",
              "state": undefined,
            },
            "push": [Function],
            "replace": [Function],
          }
        }
        isDraftPlan={null}
        isFinalizedPlan={null}
        isNewPlan={false}
        location={[MockFunction]}
        match={
          Object {
            "isExact": true,
            "params": Object {
              "id": "ed2b4b7c-3388-53d9-b9f6-6a19d1ffde1f",
            },
            "path": "/focus-investigation/view/plan/:id",
            "url": "/focus-investigation/view/plan/ed2b4b7c-3388-53d9-b9f6-6a19d1ffde1f",
          }
        }
        planById={null}
        planId="ed2b4b7c-3388-53d9-b9f6-6a19d1ffde1f"
        supersetService={[Function]}
      >
        <Ripple
          borderColor="#ff5d00"
          borderStyle="solid"
          borderWidth="4px"
          height="64px"
          minHeight="80vh"
          width="64px"
        >
          <div
            className="lds-ripple-parent"
            style={
              Object {
                "minHeight": "80vh",
              }
            }
          >
            <div
              className="lds-ripple"
              style={
                Object {
                  "height": "64px",
                  "width": "64px",
                }
              }
            >
              <div
                style={
                  Object {
                    "borderColor": "#ff5d00",
                    "borderStyle": "solid",
                    "borderWidth": "4px",
                  }
                }
              />
              <div
                style={
                  Object {
                    "borderColor": "#ff5d00",
                    "borderStyle": "solid",
                    "borderWidth": "4px",
                  }
                }
              />
            </div>
          </div>
        </Ripple>
      </IrsPlan>
    </Connect(IrsPlan)>
  </Router>
</Provider>
`;
