// Jest Snapshot v1, https://goo.gl/fbAQLP

exports[`IRS mop-up report renders plans correctly when connected to store 1`] = `"Row Height Row HeightdefaultshorttallCustomize ColumnsCustomize ColumnsSelect columns to be displayedTitleDate CreatedStart DateEnd DateStatusRows to display10203050Previouspage    of 4Next TitleDate CreatedStart DateEnd DateStatusVL Zambia 2020 Traning Plan2020-09-192020-09-192020-10-09activeDynamic-IRS 2020-09-192020-09-192020-09-192020-10-09activeixion - Dynamic-IRS 2020-09-192020-09-192020-09-192020-10-09activeVL Users Plan - Dynamic-IRS 2020-09-172020-09-172020-09-172020-10-07activeCR TEST IRS 2020-09-172020-09-172020-09-172020-10-07activeFO Nchelenge2020-09-162020-09-292020-10-03activeFO Chadiza2020-09-162020-09-162020-10-06activeDynamic-IRS 2020-09-15 Test RMK2020-09-152020-09-152020-10-05activeFO Training local - Dynamic-IRS 2020-09-152020-09-152020-09-152020-10-05activeFO Training - VL Hierarchy - Dynamic-IRS 2020-09-142020-09-142020-09-142020-10-04activeRows to display10203050Previouspage    of 4Next "`;
