// Jest Snapshot v1, https://goo.gl/fbAQLP

exports[`containers/pages/ActiveFocusInvestigation handles case insensitive searches correctly: expect the luang tr as only non header tr tr index 0 1`] = `"NameFI StatusProvinceDistrictCantonVillageFocus AreaStatusCase Notif. DateCase Class."`;

exports[`containers/pages/ActiveFocusInvestigation handles case insensitive searches correctly: expect the luang tr as only non header tr tr index 1 1`] = `"NameFI StatusProvinceDistrictCantonVillageFocus AreaStatusStart DateEnd Date"`;

exports[`containers/pages/ActiveFocusInvestigation handles case insensitive searches correctly: expect the luang tr as only non header tr tr index 2 1`] = `"A1-Tha Luang Village 1 Focus 01 activeChadizaNaviluliNVI_439  A12019-07-312019-06-18"`;

exports[`containers/pages/ActiveFocusInvestigation renders empty tables if search query does not match any case trigger or routine plans: Should only have header rows tr index 0 1`] = `"NameFI StatusProvinceDistrictCantonVillageFocus AreaStatusCase Notif. DateCase Class."`;

exports[`containers/pages/ActiveFocusInvestigation renders empty tables if search query does not match any case trigger or routine plans: Should only have header rows tr index 1 1`] = `"NameFI StatusProvinceDistrictCantonVillageFocus AreaStatusStart DateEnd Date"`;

exports[`containers/pages/ActiveFocusInvestigation renders empty tables if search query does not match any case trigger or routine plans: should have 2 no data found texts 1`] = `"HomeFocus InvestigationsCurrent Focus InvestigationsReactiveFilterFilteruserSelect usernameRow Height Row HeightdefaultshorttallCustomize ColumnsCustomize ColumnsSelect columns to be displayedNameFI StatusProvinceDistrictCantonVillageFocus AreaStatusCase Notif. DateCase Class.Rows to display10203050PreviousPage    Of 0Next NameFI StatusProvinceDistrictCantonVillageFocus AreaStatusCase Notif. DateCase Class.No Investigations FoundRows to display10203050PreviousPage    Of 0Next RoutineAdd Focus InvestigationFilterFilteruserSelect usernameRow Height Row HeightdefaultshorttallCustomize ColumnsCustomize ColumnsSelect columns to be displayedNameFI StatusProvinceDistrictCantonVillageFocus AreaStatusStart DateEnd DateRows to display10203050PreviousPage    Of 0Next NameFI StatusProvinceDistrictCantonVillageFocus AreaStatusStart DateEnd DateNo Investigations FoundRows to display10203050PreviousPage    Of 0Next DefinitionsA1ActiveIndigenous case recorded within the last year.A2Residual Non-ActiveNo indigenous case during the last year, but withing the last 3 years.B1Cleared ReceptiveReceptive area but no indigenous cases within the last 3 years.B2Cleared Non-ReceptiveNon-receptive area."`;

exports[`containers/pages/ActiveFocusInvestigation works with the Redux store:  tr index 0 1`] = `"NameFI StatusProvinceDistrictCantonVillageFocus AreaStatusCase Notif. DateCase Class."`;

exports[`containers/pages/ActiveFocusInvestigation works with the Redux store:  tr index 0 2`] = `"NameFI StatusProvinceDistrictCantonVillageFocus AreaStatusStart DateEnd Date"`;

exports[`containers/pages/ActiveFocusInvestigation works with the Redux store:  tr index 1 1`] = `"A1-Tha Luang Village 1 Focus 01 completeCanton Tha LuangTha Luang VillageTLv1_02  A12019-06-18"`;

exports[`containers/pages/ActiveFocusInvestigation works with the Redux store:  tr index 1 2`] = `"A1-Tha Luang Village 1 Focus 01 activeChadizaNaviluliNVI_439  A12019-07-312019-06-18"`;

exports[`containers/pages/ActiveFocusInvestigation works with the Redux store:  tr index 2 1`] = `"A1-Tha Luang Village 1 Focus 01 completeCanton Tha LuangTha Luang VillageTLv1_02  A12019-07-312019-06-18"`;

exports[`containers/pages/ActiveFocusInvestigation works with the Redux store:  tr index 3 1`] = `"plan104 activeTrat 2Mueng Trat District 2Laem Klat Canton 2Laem Klat Moo 8Tha Sen 8  A12019-06-182019-07-30"`;

exports[`containers/pages/ActiveFocusInvestigation works with the Redux store: A large unstyled string of the rendered output 1`] = `"HomeFocus InvestigationsCurrent Focus InvestigationsReactiveFilterFilteruserSelect usernameRow Height Row HeightdefaultshorttallCustomize ColumnsCustomize ColumnsSelect columns to be displayedNameFI StatusProvinceDistrictCantonVillageFocus AreaStatusCase Notif. DateCase Class.Rows to display10203050PreviousPage    Of 1Next NameFI StatusProvinceDistrictCantonVillageFocus AreaStatusCase Notif. DateCase Class.A1-Tha Luang Village 1 Focus 01 completeCanton Tha LuangTha Luang VillageTLv1_02  A12019-06-18Rows to display10203050PreviousPage    Of 1Next RoutineAdd Focus InvestigationFilterFilteruserSelect usernameRow Height Row HeightdefaultshorttallCustomize ColumnsCustomize ColumnsSelect columns to be displayedNameFI StatusProvinceDistrictCantonVillageFocus AreaStatusStart DateEnd DateRows to display10203050PreviousPage    Of 1Next NameFI StatusProvinceDistrictCantonVillageFocus AreaStatusStart DateEnd DateA1-Tha Luang Village 1 Focus 01 activeChadizaNaviluliNVI_439  A12019-07-312019-06-18A1-Tha Luang Village 1 Focus 01 completeCanton Tha LuangTha Luang VillageTLv1_02  A12019-07-312019-06-18plan104 activeTrat 2Mueng Trat District 2Laem Klat Canton 2Laem Klat Moo 8Tha Sen 8  A12019-06-182019-07-30Rows to display10203050PreviousPage    Of 1Next DefinitionsA1ActiveIndigenous case recorded within the last year.A2Residual Non-ActiveNo indigenous case during the last year, but withing the last 3 years.B1Cleared ReceptiveReceptive area but no indigenous cases within the last 3 years.B2Cleared Non-ReceptiveNon-receptive area."`;
