// Jest Snapshot v1, https://goo.gl/fbAQLP

exports[`e2e test auto-selection flow from slider auto-selection to refine jurisdictions: after first click 1`] = `"NameStructures Count"`;

exports[`e2e test auto-selection flow from slider auto-selection to refine jurisdictions: after first click 2`] = `"Eastern178"`;

exports[`e2e test auto-selection flow from slider auto-selection to refine jurisdictions: after first click 3`] = `"Total178"`;

exports[`e2e test auto-selection flow from slider auto-selection to refine jurisdictions: after second click 1`] = `"NameStructures Count"`;

exports[`e2e test auto-selection flow from slider auto-selection to refine jurisdictions: after second click 2`] = `"Sinda178"`;

exports[`e2e test auto-selection flow from slider auto-selection to refine jurisdictions: after second click 3`] = `"Total178"`;

exports[`e2e test auto-selection flow from slider auto-selection to refine jurisdictions: after third click 1`] = `"NameStructures Count"`;

exports[`e2e test auto-selection flow from slider auto-selection to refine jurisdictions: after third click 2`] = `"Chiwuyu178"`;

exports[`e2e test auto-selection flow from slider auto-selection to refine jurisdictions: after third click 3`] = `"Total178"`;

exports[`e2e test auto-selection flow from slider auto-selection to refine jurisdictions: after third click 4`] = `"NameStructures Count"`;

exports[`e2e test auto-selection flow from slider auto-selection to refine jurisdictions: after third click 5`] = `"CWY_25178"`;

exports[`e2e test auto-selection flow from slider auto-selection to refine jurisdictions: after third click 6`] = `"Total178"`;

exports[`e2e test auto-selection flow from slider auto-selection to refine jurisdictions: general page snapshot 1`] = `"Planning toolA2-Lusaka Akros Test Focus 2A2-Lusaka Akros Test Focus 2Auto target jurisdictions by riskRefine selected jurisdictionsAdjust slider to auto-target jurisdictionsRisk  0%00100NUMBER OF STRUCTURES IN SELECTED JURISDICTIONS178Continue to next step"`;

exports[`e2e test auto-selection flow from slider auto-selection to refine jurisdictions: refine selected jurisdictions component 1`] = `"Planning toolA2-Lusaka Akros Test Focus 2A2-Lusaka Akros Test Focus 2Auto target jurisdictions by riskRefine selected jurisdictionsAssignment WrapperResource Estimate for Chiwuyu6 daysat a rate of   structures per team per day with  Teams....ZambiaEasternSindaChiwuyuNameStructures CountRiskTarget StatusStatus setting by...Selected JurisdictionsCWY_2517880TargetedAuto-selection1CWY_3241--Not Targeted0CWY_14336--Not Targeted0CWY_2297--Not Targeted0CWY_829--Not Targeted0CWY_15483--Not Targeted0CWY_715--Not Targeted0CWY_18266--Not Targeted0CWY_1126--Not Targeted0CWY_12269--Not Targeted0CWY_19304--Not Targeted0CWY_13251--Not Targeted0CWY_19015--Not Targeted0CWY_24185--Not Targeted0CWY_4299--Not Targeted0CWY_1017--Not Targeted0CWY_613--Not Targeted0CWY_26139--Not Targeted0CWY_16320--Not Targeted0CWY_11266--Not Targeted0CWY_17167--Not Targeted0CWY_23290--Not Targeted0CWY_5168--Not Targeted0save draftSave & Activate"`;

exports[`e2e test auto-selection flow from slider auto-selection to refine jurisdictions: should have single node(parent node) 1`] = `"NameStructures Count"`;

exports[`e2e test auto-selection flow from slider auto-selection to refine jurisdictions: should have single node(parent node) 2`] = `"Zambia178"`;

exports[`e2e test auto-selection flow from slider auto-selection to refine jurisdictions: should have single node(parent node) 3`] = `"Total178"`;

exports[`e2e test auto-selection flow from slider auto-selection to refine jurisdictions: should not have btn-link or onClick handler 1`] = `
<span
  key="f6baee38-43af-42a9-941b-a15a5499ce35-span"
>
  CWY_25
</span>
`;

exports[`e2e test auto-selection flow from slider auto-selection to refine jurisdictions: structure summary step snapshot 1`] = `"Planning toolA2-Lusaka Akros Test Focus 2A2-Lusaka Akros Test Focus 2Auto target jurisdictions by riskRefine selected jurisdictionsAssignment WrapperResource Estimate for Zambia0 daysat a rate of   structures per team per day with  Teams....NameStructures CountZambia178Total178Continue to next step"`;

exports[`e2e test auto-selection flow when there are no selected jurisdictions(without metaData): full page rendered text 1`] = `"Planning toolA2-Lusaka Akros Test Focus 2A2-Lusaka Akros Test Focus 2Auto target jurisdictions by riskRefine selected jurisdictionsAssignment WrapperZambia:  There are no descendant jurisdictions that are targeted.....NameStructures CountRiskTarget StatusStatus setting by...Selected JurisdictionsZambia575280--0save draftSave & Activate"`;

exports[`e2e test auto-selection flow when there are no selected jurisdictions(without metaData): general page snapshot 1`] = `"Planning toolA2-Lusaka Akros Test Focus 2A2-Lusaka Akros Test Focus 2Auto target jurisdictions by riskRefine selected jurisdictionsAdjust slider to auto-target jurisdictionsRisk  0%00100NUMBER OF STRUCTURES IN SELECTED JURISDICTIONS0Continue to next step"`;

exports[`e2e test auto-selection flow when there are no selected jurisdictions(without metaData): structure summary step snapshot 1`] = `"Planning toolA2-Lusaka Akros Test Focus 2A2-Lusaka Akros Test Focus 2Auto target jurisdictions by riskRefine selected jurisdictionsAssignment WrapperZambia:  There are no descendant jurisdictions that are targeted.....NameStructures CountThere are no descendant jurisdictions that are targeted.Continue to next step"`;

exports[`e2e test auto-selection flow when there are no selected jurisdictions(without metaData): will not have any nodes 1`] = `"NameStructures Count"`;
