// Jest Snapshot v1, https://goo.gl/fbAQLP

exports[`components/IRS Reports/IRSLiteReportingMap renders correctly: Indicator item breakdown 1`] = `
Array [
  <p
    className="indicator-breakdown"
  >
    Progress: 
    24 of 0 structure(s)
     
    (0%)
  </p>,
  <p
    className="indicator-breakdown"
  >
    Progress: 
    24 of 0 structure(s)
     
    (0%)
  </p>,
  <p
    className="indicator-breakdown"
  >
    Progress: 
    34 of 0 structure(s)
     
    (0%)
  </p>,
  <p
    className="indicator-breakdown"
  >
    Progress: 
    24 of 34 structure(s)
     
    (71%)
  </p>,
]
`;

exports[`components/IRS Reports/IRSLiteReportingMap renders correctly: Legend items 1`] = `
Array [
  <div
    className="sidebar-legend-item"
    key="0"
  >
    <span
      className="sidebar-legend-color"
      style={
        Object {
          "backgroundColor": "#68BB0C",
        }
      }
    />
    <span
      className="sidebar-legend-label"
    >
      Sprayed
    </span>
  </div>,
  <div
    className="sidebar-legend-item"
    key="1"
  >
    <span
      className="sidebar-legend-color"
      style={
        Object {
          "backgroundColor": "#F12525",
        }
      }
    />
    <span
      className="sidebar-legend-label"
    >
      Not Sprayed
    </span>
  </div>,
  <div
    className="sidebar-legend-item"
    key="2"
  >
    <span
      className="sidebar-legend-color"
      style={
        Object {
          "backgroundColor": "#FFCA16",
        }
      }
    />
    <span
      className="sidebar-legend-label"
    >
      Not Visited
    </span>
  </div>,
]
`;

exports[`components/IRS Reports/IRSLiteReportingMap renders correctly: Response item ProgressBar 1`] = `
Array [
  <ProgressBar
    animate={false}
    cssClass="progress-bar-striped"
    decimalPoints={0}
    height="10px"
    lineColor="#2ECC40"
    lineColorThresholds={
      Object {
        "GREEN_THRESHOLD": Object {
          "color": "#2ECC40",
          "name": "Green",
          "orEquals": true,
          "value": 1,
        },
        "GREY_THRESHOLD": Object {
          "color": "#dddddd",
          "name": "Grey",
          "value": 0.2,
        },
        "RED_THRESHOLD": Object {
          "color": "#FF4136",
          "name": "Red",
          "orEquals": true,
          "value": 0.75,
        },
        "YELLOW_THRESHOLD": Object {
          "color": "#FFDC00",
          "name": "Yellow",
          "value": 0.9,
        },
      }
    }
    max={100}
    min={0}
    showLabel={false}
    stripped={false}
    value={0}
  >
    <div
      className="progress"
    >
      <div
        aria-valuemax={100}
        aria-valuemin={0}
        aria-valuenow={0}
        className="progress-bar 
          "
        role="progressbar"
        style={
          Object {
            "backgroundColor": "#dddddd",
            "width": "0%",
          }
        }
      />
    </div>
  </ProgressBar>,
  <ProgressBar
    animate={false}
    cssClass="progress-bar-striped"
    decimalPoints={0}
    height="10px"
    lineColor="#2ECC40"
    lineColorThresholds={
      Object {
        "GREEN_THRESHOLD": Object {
          "color": "#2ECC40",
          "name": "Green",
          "orEquals": true,
          "value": 1,
        },
        "GREY_THRESHOLD": Object {
          "color": "#dddddd",
          "name": "Grey",
          "value": 0.2,
        },
        "RED_THRESHOLD": Object {
          "color": "#FF4136",
          "name": "Red",
          "orEquals": true,
          "value": 0.75,
        },
        "YELLOW_THRESHOLD": Object {
          "color": "#FFDC00",
          "name": "Yellow",
          "value": 0.9,
        },
      }
    }
    max={100}
    min={0}
    showLabel={false}
    stripped={false}
    value={0}
  >
    <div
      className="progress"
    >
      <div
        aria-valuemax={100}
        aria-valuemin={0}
        aria-valuenow={0}
        className="progress-bar 
          "
        role="progressbar"
        style={
          Object {
            "backgroundColor": "#dddddd",
            "width": "0%",
          }
        }
      />
    </div>
  </ProgressBar>,
  <ProgressBar
    animate={false}
    cssClass="progress-bar-striped"
    decimalPoints={0}
    height="10px"
    lineColor="#2ECC40"
    lineColorThresholds={
      Object {
        "GREEN_THRESHOLD": Object {
          "color": "#2ECC40",
          "name": "Green",
          "orEquals": true,
          "value": 1,
        },
        "GREY_THRESHOLD": Object {
          "color": "#dddddd",
          "name": "Grey",
          "value": 0.2,
        },
        "RED_THRESHOLD": Object {
          "color": "#FF4136",
          "name": "Red",
          "orEquals": true,
          "value": 0.75,
        },
        "YELLOW_THRESHOLD": Object {
          "color": "#FFDC00",
          "name": "Yellow",
          "value": 0.9,
        },
      }
    }
    max={100}
    min={0}
    showLabel={false}
    stripped={false}
    value={0}
  >
    <div
      className="progress"
    >
      <div
        aria-valuemax={100}
        aria-valuemin={0}
        aria-valuenow={0}
        className="progress-bar 
          "
        role="progressbar"
        style={
          Object {
            "backgroundColor": "#dddddd",
            "width": "0%",
          }
        }
      />
    </div>
  </ProgressBar>,
  <ProgressBar
    animate={false}
    cssClass="progress-bar-striped"
    decimalPoints={0}
    height="10px"
    lineColor="#2ECC40"
    lineColorThresholds={
      Object {
        "GREEN_THRESHOLD": Object {
          "color": "#2ECC40",
          "name": "Green",
          "orEquals": true,
          "value": 1,
        },
        "GREY_THRESHOLD": Object {
          "color": "#dddddd",
          "name": "Grey",
          "value": 0.2,
        },
        "RED_THRESHOLD": Object {
          "color": "#FF4136",
          "name": "Red",
          "orEquals": true,
          "value": 0.75,
        },
        "YELLOW_THRESHOLD": Object {
          "color": "#FFDC00",
          "name": "Yellow",
          "value": 0.9,
        },
      }
    }
    max={100}
    min={0}
    showLabel={false}
    stripped={false}
    value={71}
  >
    <div
      className="progress"
    >
      <div
        aria-valuemax={100}
        aria-valuemin={0}
        aria-valuenow={71}
        className="progress-bar 
          "
        role="progressbar"
        style={
          Object {
            "backgroundColor": "#FF4136",
            "width": "71%",
          }
        }
      />
    </div>
  </ProgressBar>,
]
`;

exports[`components/IRS Reports/IRSLiteReportingMap renders correctly: Response item descriptions 1`] = `
Array [
  <p
    className="indicator-description"
  >
    Percent of Total Structures Sprayed
  </p>,
  <p
    className="indicator-description"
  >
    Percent of Targeted Structures Sprayed
  </p>,
  <p
    className="indicator-description"
  >
    Percent of found structures over targeted
  </p>,
  <p
    className="indicator-description"
  >
    Percent of structures sprayed over found
  </p>,
]
`;

exports[`components/IRS Reports/IRSLiteReportingMap renders correctly: Response item titles 1`] = `
Array [
  <h6>
    Spray Coverage (Effectiveness)
  </h6>,
  <h6>
    Targeted Spray Coverage (Effectiveness)
  </h6>,
  <h6>
    Found Coverage
  </h6>,
  <h6>
    Spray Success Rate (PMI SC)
  </h6>,
]
`;

exports[`components/IRS Reports/IRSLiteReportingMap renders correctly: Sidebar title 1`] = `
<h5>
  so_Sompani_Health_Post_MACEPA_IRS_Lite_2020
</h5>
`;

exports[`components/IRS Reports/IRSLiteReportingMap renders correctly: breadcrumbs 1`] = `
Array [
  <li
    className="breadcrumb-item"
  >
    <Link
      key="0"
      to="/"
    >
      <LinkAnchor
        href="/"
        navigate={[Function]}
      >
        <a
          href="/"
          onClick={[Function]}
        >
          Home
        </a>
      </LinkAnchor>
    </Link>
  </li>,
  <li
    className="breadcrumb-item"
  >
    <Link
      key="1"
      to="/intervention/irs-lite/report"
    >
      <LinkAnchor
        href="/intervention/irs-lite/report"
        navigate={[Function]}
      >
        <a
          href="/intervention/irs-lite/report"
          onClick={[Function]}
        >
          IRS Lite Reporting
        </a>
      </LinkAnchor>
    </Link>
  </li>,
  <li
    className="breadcrumb-item"
  >
    <Link
      key="2"
      to="/intervention/irs-lite/report/17f89152-51a6-476c-9246-8fee6f9e6ebf"
    >
      <LinkAnchor
        href="/intervention/irs-lite/report/17f89152-51a6-476c-9246-8fee6f9e6ebf"
        navigate={[Function]}
      >
        <a
          href="/intervention/irs-lite/report/17f89152-51a6-476c-9246-8fee6f9e6ebf"
          onClick={[Function]}
        >
          IRS 2019-09-05 TEST
        </a>
      </LinkAnchor>
    </Link>
  </li>,
  <li
    className="breadcrumb-item"
  >
    <Link
      key="3"
      to="/intervention/irs-lite/report/17f89152-51a6-476c-9246-8fee6f9e6ebf/03557b7e-0ddf-41f7-93c8-155669757a16"
    >
      <LinkAnchor
        href="/intervention/irs-lite/report/17f89152-51a6-476c-9246-8fee6f9e6ebf/03557b7e-0ddf-41f7-93c8-155669757a16"
        navigate={[Function]}
      >
        <a
          href="/intervention/irs-lite/report/17f89152-51a6-476c-9246-8fee6f9e6ebf/03557b7e-0ddf-41f7-93c8-155669757a16"
          onClick={[Function]}
        >
          Zambia MACEPA IRS Lite 2020
        </a>
      </LinkAnchor>
    </Link>
  </li>,
  <li
    className="breadcrumb-item"
  >
    <Link
      key="4"
      to="/intervention/irs-lite/report/17f89152-51a6-476c-9246-8fee6f9e6ebf/48a04a67-ac6f-4d5e-bbc6-09b77ba1253d"
    >
      <LinkAnchor
        href="/intervention/irs-lite/report/17f89152-51a6-476c-9246-8fee6f9e6ebf/48a04a67-ac6f-4d5e-bbc6-09b77ba1253d"
        navigate={[Function]}
      >
        <a
          href="/intervention/irs-lite/report/17f89152-51a6-476c-9246-8fee6f9e6ebf/48a04a67-ac6f-4d5e-bbc6-09b77ba1253d"
          onClick={[Function]}
        >
          Southern MACEPA IRS Lite 2020
        </a>
      </LinkAnchor>
    </Link>
  </li>,
  <li
    className="breadcrumb-item"
  >
    <Link
      key="5"
      to="/intervention/irs-lite/report/17f89152-51a6-476c-9246-8fee6f9e6ebf/032a9542-dab7-4a76-9e2e-bc7eb99a259c"
    >
      <LinkAnchor
        href="/intervention/irs-lite/report/17f89152-51a6-476c-9246-8fee6f9e6ebf/032a9542-dab7-4a76-9e2e-bc7eb99a259c"
        navigate={[Function]}
      >
        <a
          href="/intervention/irs-lite/report/17f89152-51a6-476c-9246-8fee6f9e6ebf/032a9542-dab7-4a76-9e2e-bc7eb99a259c"
          onClick={[Function]}
        >
          Gwembe MACEPA IRS Lite 2020
        </a>
      </LinkAnchor>
    </Link>
  </li>,
  <li
    aria-current="page"
    className="active breadcrumb-item"
  >
    so_Sompani_Health_Post_MACEPA_IRS_Lite_2020
  </li>,
]
`;

exports[`components/IRS Reports/IRSLiteReportingMap renders correctly: page title 1`] = `
<h3
  className="mb-3 page-title"
>
  IRS 2019-09-05 TEST: so_Sompani_Health_Post_MACEPA_IRS_Lite_2020
</h3>
`;

exports[`components/IRS Reports/IRSLiteReportingMap renders not found: Not Found 1`] = `
<NotFound>
  <div>
    404!
  </div>
</NotFound>
`;
