// Jest Snapshot v1, https://goo.gl/fbAQLP

exports[`src/components/forms/FilterForm renders correctly: Selector Input 1`] = `
<input
  aria-autocomplete="list"
  autoCapitalize="none"
  autoComplete="off"
  autoCorrect="off"
  disabled={false}
  id="react-select-2-input"
  onBlur={[Function]}
  onChange={[Function]}
  onFocus={[Function]}
  spellCheck="false"
  style={
    Object {
      "background": 0,
      "border": 0,
      "boxSizing": "content-box",
      "color": "inherit",
      "fontSize": "inherit",
      "label": "input",
      "opacity": 1,
      "outline": 0,
      "padding": 0,
      "width": "2px",
    }
  }
  tabIndex="0"
  type="text"
  value=""
/>
`;

exports[`src/components/forms/FilterForm renders correctly: label and input 1`] = `
Object {
  "children": <label>
    user
  </label>,
  "className": "col-sm-4",
}
`;

exports[`src/components/forms/FilterForm renders correctly: label and input 2`] = `
Object {
  "children": <UserIdSelect
    ReactSelectDefaultValue={
      Object {
        "label": "Select username",
        "value": "Select username",
      }
    }
    className=""
    onChangeHandler={[Function]}
    serviceClass={[Function]}
    showPractitioners={true}
    userNameAsValue={true}
  />,
  "className": "col-sm-8",
}
`;
